// Jest Snapshot v1, https://goo.gl/fbAQLP

exports[`renders correctly 1`] = `
<nav>
  <span>
    link 1
  </span>
  <span>
    link 2
  </span>
</nav>
`;
